EXAMPLEF01.SAS--Illustrate use of the UPOLY1 module                            1
                                                   13:47 Monday, August 11, 2003

****REQUESTED PRINTED MATRICES***


      ESSENCEX

        1         0
        0         1


                       BETA

        0         0         0         0         1
        1         0         0         0         0


                      SIGMA

      1.5     0.375     0.375     0.375     0.375
    0.375       1.5     0.375     0.375     0.375
    0.375     0.375       1.5     0.375     0.375
    0.375     0.375     0.375       1.5     0.375
    0.375     0.375     0.375     0.375       1.5


                       RHO

        1      0.25      0.25      0.25      0.25
     0.25         1      0.25      0.25      0.25
     0.25      0.25         1      0.25      0.25
     0.25      0.25      0.25         1      0.25
     0.25      0.25      0.25      0.25         1


         C

        1        -1


                   U

-0.632456 0.5345225 -0.316228 0.1195229
-0.316228 -0.267261 0.6324555 -0.478091
-1.36E-20 -0.534522 1.581E-20 0.7171372
0.3162278 -0.267261 -0.632456 -0.478091
0.6324555 0.5345225 0.3162278 0.1195229


EXAMPLEF01.SAS--Illustrate use of the UPOLY1 module                            2
                                                   13:47 Monday, August 11, 2003

              C * BETA * U

1.2649111         0 0.6324555         0

EXAMPLEF01.SAS--Illustrate use of the UPOLY1 module                            3
                                                   13:47 Monday, August 11, 2003

****POWER CALCULATIONS****
                     
    TOTAL_N POWER_HLT POWER_PBT   EPSILON

         20      0.51      0.51         1
         40     0.902     0.902         1
         80     0.999     0.999         1

                     
   EXEPS_HF  POWER_HF  EXEPS_GG  POWER_GG

          1     0.625     0.804     0.574
          1     0.933     0.895     0.924
          1     0.999     0.946     0.999
