The SAS System                               10:00 Friday, February 18, 2005   1

                     SIGMA
        ANT        LEFT        POST       RIGHT

    0.08380     0.05020     0.03560     0.05330
    0.05020     0.05370     0.03250     0.03330
    0.03560     0.03250     0.04410     0.03860
    0.05330     0.03330     0.03860     0.07220


                 BETARG
      ANT      LEFT      POST     RIGHT

      2.9       3.2       3.5       3.2
      2.9       3.2       3.5       3.2

The SAS System                               10:00 Friday, February 18, 2005   2

    DELTA BETA     ANT       LEFT      POST      RIGHT

        0 F1         2.9       3.2       3.5       3.2
          F2         2.9       3.2       3.5       3.2
          F3         2.9       3.2       3.5       3.2
          F4         2.9       3.2       3.5       3.2
          F5         2.9       3.2       3.5       3.2
          M1         2.9       3.2       3.5       3.2
          M2         2.9       3.2       3.5       3.2
          M3         2.9       3.2       3.5       3.2
          M4         2.9       3.2       3.5       3.2
          M5         2.9       3.2       3.5       3.2
The SAS System                               10:00 Friday, February 18, 2005   3

    DELTA BETA     ANT       LEFT      POST      RIGHT

     0.02 F1         2.9       3.2      3.52       3.2
          F2         2.9       3.2      3.52       3.2
          F3         2.9       3.2      3.52       3.2
          F4         2.9       3.2      3.52       3.2
          F5         2.9       3.2      3.52       3.2
          M1         2.9       3.2      3.48       3.2
          M2         2.9       3.2      3.48       3.2
          M3         2.9       3.2      3.48       3.2
          M4         2.9       3.2      3.48       3.2
          M5         2.9       3.2      3.48       3.2
The SAS System                               10:00 Friday, February 18, 2005   4

    DELTA BETA     ANT       LEFT      POST      RIGHT

     0.04 F1         2.9       3.2      3.54       3.2
          F2         2.9       3.2      3.54       3.2
          F3         2.9       3.2      3.54       3.2
          F4         2.9       3.2      3.54       3.2
          F5         2.9       3.2      3.54       3.2
          M1         2.9       3.2      3.46       3.2
          M2         2.9       3.2      3.46       3.2
          M3         2.9       3.2      3.46       3.2
          M4         2.9       3.2      3.46       3.2
          M5         2.9       3.2      3.46       3.2
The SAS System                               10:00 Friday, February 18, 2005   5

    DELTA BETA     ANT       LEFT      POST      RIGHT

     0.06 F1         2.9       3.2      3.56       3.2
          F2         2.9       3.2      3.56       3.2
          F3         2.9       3.2      3.56       3.2
          F4         2.9       3.2      3.56       3.2
          F5         2.9       3.2      3.56       3.2
          M1         2.9       3.2      3.44       3.2
          M2         2.9       3.2      3.44       3.2
          M3         2.9       3.2      3.44       3.2
          M4         2.9       3.2      3.44       3.2
          M5         2.9       3.2      3.44       3.2
The SAS System                               10:00 Friday, February 18, 2005   6

    DELTA BETA     ANT       LEFT      POST      RIGHT

     0.08 F1         2.9       3.2      3.58       3.2
          F2         2.9       3.2      3.58       3.2
          F3         2.9       3.2      3.58       3.2
          F4         2.9       3.2      3.58       3.2
          F5         2.9       3.2      3.58       3.2
          M1         2.9       3.2      3.42       3.2
          M2         2.9       3.2      3.42       3.2
          M3         2.9       3.2      3.42       3.2
          M4         2.9       3.2      3.42       3.2
          M5         2.9       3.2      3.42       3.2
The SAS System                               10:00 Friday, February 18, 2005   7

    DELTA BETA     ANT       LEFT      POST      RIGHT

      0.1 F1         2.9       3.2       3.6       3.2
          F2         2.9       3.2       3.6       3.2
          F3         2.9       3.2       3.6       3.2
          F4         2.9       3.2       3.6       3.2
          F5         2.9       3.2       3.6       3.2
          M1         2.9       3.2       3.4       3.2
          M2         2.9       3.2       3.4       3.2
          M3         2.9       3.2       3.4       3.2
          M4         2.9       3.2       3.4       3.2
          M5         2.9       3.2       3.4       3.2
The SAS System                               10:00 Friday, February 18, 2005   8

                             HOLDALL
         ALPHA   SIGSCAL  BETASCAL   TOTAL_N POWER_MULT   EPSILON

ROW1     0.008         1         1       100      0.008     0.855
ROW2     0.008         1         1       100      0.054     0.855
ROW3     0.008         1         1       100       0.35     0.855
ROW4     0.008         1         1       100      0.818     0.855
ROW5     0.008         1         1       100      0.987     0.855
ROW6     0.008         1         1       100          1     0.855

                            HOLDALL
      POWER_UN  EXEPS_HF  POWER_HF  EXEPS_GG  POWER_GG POWER_BOX

ROW1     0.012      0.94     0.011      0.83     0.008         0
ROW2     0.038      0.94     0.034      0.83     0.026     0.001
ROW3     0.209      0.94     0.194      0.83     0.162     0.019
ROW4     0.617      0.94     0.595      0.83     0.547     0.161
ROW5     0.926      0.94     0.918      0.83     0.898     0.559
ROW6     0.996      0.94     0.995      0.83     0.993     0.904
